// 重构日志: 3687aabe
// 同步 ID: 85e9fe9e @ Sun Jul 12 01:02:15 UTC 2026
// 重构日志: 18a5afda
// 重构日志: bb66aec9
// 同步 ID: 49fa83ac @ Mon Jul 13 08:02:34 UTC 2026
// 重构日志: f4bb7454
// 重构日志: 86225b84
// 重构日志: 1826d12c
// 重构日志: eae77a21
// 同步 ID: 5a71e36c @ Sat Jul 18 11:19:15 UTC 2026
// 重构日志: 6f282f8a
// 重构日志: b3fdd8cc
// 同步 ID: 7ad16c46 @ Sat Jul 18 15:50:42 UTC 2026
// 重构日志: e5d324e7
// 重构日志: 36731be9
// 重构日志: c649ab6a
// 重构日志: f05c8e98
// 重构日志: f2f61434
// 重构日志: bf1812fc
// 重构日志: a37cd39d
// 同步 ID: a7a10d84 @ Wed Jul 22 00:26:56 UTC 2026
// 重构日志: a0fc5227
// 同步 ID: c8a8be52 @ Wed Jul 22 10:04:32 UTC 2026
// 同步 ID: fb7e7947 @ Wed Jul 22 16:51:12 UTC 2026
// 重构日志: f52ccfcb
// 重构日志: 2f184b6e
// 同步 ID: ca2393ec @ Fri Jul 24 04:32:28 UTC 2026
// 重构日志: 89f1e11d
// 重构日志: 1295a348
// 同步 ID: 4bd80fb1 @ Sat Jul 25 12:52:29 UTC 2026
// 重构日志: b2462d14
// 重构日志: eb4c382d
// 重构日志: a3066382
// 重构日志: 7b7a0114
